[0m14:48:59.999634 [debug] [MainThread]: Sending event: {'category': 'dbt', 'action': 'invocation', 'label': 'start', 'context': [<snowplow_tracker.self_describing_json.SelfDescribingJson object at 0x000001F1D7F9BEC0>, <snowplow_tracker.self_describing_json.SelfDescribingJson object at 0x000001F1D17EA510>, <snowplow_tracker.self_describing_json.SelfDescribingJson object at 0x000001F1D6E065D0>]}


============================== 14:48:59.999634 | b835bec6-70b3-4fc2-9bdd-78cc3c4e8c4e ==============================
[0m14:48:59.999634 [info ] [MainThread]: Running with dbt=1.12.4
[0m14:48:59.999634 [debug] [MainThread]: running dbt with arguments {'static_parser': 'True', 'no_print': 'None', 'maximum_seed_size_mib': '1', 'target_path': 'None', 'version_check': 'True', 'warn_error_options': 'WarnErrorOptionsV2(error=[], warn=[], silence=[])', 'printer_width': '80', 'write_json': 'True', 'empty': 'None', 'log_cache_events': 'False', 'introspect': 'True', 'cache_selected_only': 'False', 'fail_fast': 'False', 'debug': 'False', 'log_format': 'default', 'profiles_dir': 'C:\\Users\\HarshvardhanRajchauh\\.dbt', 'send_anonymous_usage_stats': 'True', 'quiet': 'False', 'warn_error': 'None', 'partial_parse': 'True', 'invocation_command': 'dbt init', 'hints_enabled': 'True', 'use_colors': 'True', 'use_experimental_parser': 'False', 'indirect_selection': 'eager', 'log_path': 'logs'}
[0m14:49:00.036332 [info ] [MainThread]: Creating dbt configuration folder at C:\Users\HarshvardhanRajchauh\.dbt
[0m14:49:13.429112 [debug] [MainThread]: Starter project path: C:\Users\HarshvardhanRajchauh\miniconda3\envs\dataeng\Lib\site-packages\dbt\include\starter_project
[0m14:49:13.538356 [info ] [MainThread]: Setting up your profile.
[0m14:49:23.503594 [debug] [MainThread]: Snowflake adapter: Setting snowflake.connector to ERROR (file logging only)
[0m14:49:23.503594 [debug] [MainThread]: Snowflake adapter: Setting botocore to ERROR (file logging only)
[0m14:49:23.503594 [debug] [MainThread]: Snowflake adapter: Setting boto3 to ERROR (file logging only)
[0m14:54:18.267610 [info ] [MainThread]: Profile ibm_core written to C:\Users\HarshvardhanRajchauh\.dbt\profiles.yml using target's profile_template.yml and your supplied values.
[0m14:54:18.274630 [info ] [MainThread]: Running dbt debug to validate the project...
[0m14:54:18.274630 [info ] [MainThread]: dbt version: 1.12.4
[0m14:54:18.274630 [info ] [MainThread]: python version: 3.12.13
[0m14:54:18.283723 [info ] [MainThread]: python path: C:\Users\HarshvardhanRajchauh\miniconda3\envs\dataeng\python.exe
[0m14:54:18.283723 [info ] [MainThread]: os info: Windows-11-10.0.26200-SP0
[0m14:54:18.489913 [info ] [MainThread]: Using profiles dir at C:\Users\HarshvardhanRajchauh\.dbt
[0m14:54:18.489913 [info ] [MainThread]: Using profiles.yml file at C:\Users\HarshvardhanRajchauh\.dbt\profiles.yml
[0m14:54:18.499252 [info ] [MainThread]: Using dbt_project.yml file at C:\Users\HarshvardhanRajchauh\dbtCore\ibm_core\dbt_project.yml
[0m14:54:18.499252 [info ] [MainThread]: adapter type: snowflake
[0m14:54:18.499252 [info ] [MainThread]: adapter version: 1.12.0
[0m14:54:18.656704 [info ] [MainThread]: Configuration:
[0m14:54:18.656704 [info ] [MainThread]:   profiles.yml file [[32mOK found and valid[0m]
[0m14:54:18.656704 [info ] [MainThread]:   dbt_project.yml file [[32mOK found and valid[0m]
[0m14:54:18.656704 [info ] [MainThread]: Required dependencies:
[0m14:54:18.656704 [debug] [MainThread]: Executing "git --help"
[0m14:54:18.773891 [debug] [MainThread]: STDOUT: "b"usage: git [-v | --version] [-h | --help] [-C <path>] [-c <name>=<value>]\n           [--exec-path[=<path>]] [--html-path] [--man-path] [--info-path]\n           [-p | --paginate | -P | --no-pager] [--no-replace-objects] [--no-lazy-fetch]\n           [--no-optional-locks] [--no-advice] [--bare] [--git-dir=<path>]\n           [--work-tree=<path>] [--namespace=<name>] [--config-env=<name>=<envvar>]\n           <command> [<args>]\n\nThese are common Git commands used in various situations:\n\nstart a working area (see also: git help tutorial)\n   clone      Clone a repository into a new directory\n   init       Create an empty Git repository or reinitialize an existing one\n\nwork on the current change (see also: git help everyday)\n   add        Add file contents to the index\n   mv         Move or rename a file, a directory, or a symlink\n   restore    Restore working tree files\n   rm         Remove files from the working tree and from the index\n\nexamine the history and state (see also: git help revisions)\n   bisect     Use binary search to find the commit that introduced a bug\n   diff       Show changes between commits, commit and working tree, etc\n   grep       Print lines matching a pattern\n   log        Show commit logs\n   show       Show various types of objects\n   status     Show the working tree status\n\ngrow, mark and tweak your common history\n   backfill   Download missing objects in a partial clone\n   branch     List, create, or delete branches\n   commit     Record changes to the repository\n   history    EXPERIMENTAL: Rewrite history\n   merge      Join two or more development histories together\n   rebase     Reapply commits on top of another base tip\n   reset      Set `HEAD` or the index to a known state\n   switch     Switch branches\n   tag        Create, list, delete or verify tags\n\ncollaborate (see also: git help workflows)\n   fetch      Download objects and refs from another repository\n   pull       Fetch from and integrate with another repository or a local branch\n   push       Update remote refs along with associated objects\n\n'git help -a' and 'git help -g' list available subcommands and some\nconcept guides. See 'git help <command>' or 'git help <concept>'\nto read about a specific subcommand or concept.\nSee 'git help git' for an overview of the system.\n""
[0m14:54:18.773891 [debug] [MainThread]: STDERR: "b''"
[0m14:54:18.773891 [info ] [MainThread]:  - git [[32mOK found[0m]

[0m14:54:18.773891 [info ] [MainThread]: Connection:
[0m14:54:18.773891 [info ] [MainThread]:   account: WJJNXFA-PFB43164
[0m14:54:18.773891 [info ] [MainThread]:   user: sachin
[0m14:54:18.773891 [info ] [MainThread]:   database: analytics
[0m14:54:18.773891 [info ] [MainThread]:   warehouse: transform_wh
[0m14:54:18.773891 [info ] [MainThread]:   role: analyticsengineer
[0m14:54:18.781753 [info ] [MainThread]:   schema: dbt_core_hvrc
[0m14:54:18.781753 [info ] [MainThread]:   authenticator: None
[0m14:54:18.781753 [info ] [MainThread]:   oauth_client_id: None
[0m14:54:18.781753 [info ] [MainThread]:   query_tag: None
[0m14:54:18.781753 [info ] [MainThread]:   client_session_keep_alive: False
[0m14:54:18.784407 [info ] [MainThread]:   host: None
[0m14:54:18.784407 [info ] [MainThread]:   port: None
[0m14:54:18.784407 [info ] [MainThread]:   proxy_host: None
[0m14:54:18.786313 [info ] [MainThread]:   proxy_port: None
[0m14:54:18.788095 [info ] [MainThread]:   protocol: None
[0m14:54:18.789681 [info ] [MainThread]:   connect_retries: 1
[0m14:54:18.789681 [info ] [MainThread]:   connect_timeout: None
[0m14:54:18.789681 [info ] [MainThread]:   retry_on_database_errors: False
[0m14:54:18.789681 [info ] [MainThread]:   retry_all: False
[0m14:54:18.789681 [info ] [MainThread]:   insecure_mode: False
[0m14:54:18.789681 [info ] [MainThread]:   reuse_connections: True
[0m14:54:18.789681 [info ] [MainThread]:   s3_stage_vpce_dns_name: None
[0m14:54:18.789681 [info ] [MainThread]:   workload_identity_provider: None
[0m14:54:18.789681 [info ] [MainThread]:   workload_identity_entra_resource: None
[0m14:54:18.789681 [info ] [MainThread]:   platform_detection_timeout_seconds: 0.0
[0m14:54:18.797165 [info ] [MainThread]: Registered adapter: snowflake=1.12.0
[0m14:54:19.362002 [debug] [MainThread]: Acquiring new snowflake connection 'debug'
[0m14:54:19.365085 [debug] [MainThread]: Using snowflake connection "debug"
[0m14:54:19.365085 [debug] [MainThread]: On debug: select 1 as id
[0m14:54:19.365085 [debug] [MainThread]: Opening a new connection, currently in state init
[0m14:54:23.013241 [debug] [MainThread]: SQL status: SUCCESS 1 in 3.656 seconds
[0m14:54:23.013241 [info ] [MainThread]:   Connection test: [[32mOK connection ok[0m]

[0m14:54:23.031099 [info ] [MainThread]: [32mAll checks passed![0m
[0m14:54:23.033119 [info ] [MainThread]: Your new dbt project "ibm_core" was created!
Initialized new project in C:\Users\HarshvardhanRajchauh\dbtCore\ibm_core\ibm_core

For more information on how to configure the profiles.yml file,
please consult the dbt documentation here:

  https://docs.getdbt.com/docs/configure-your-profile

One more thing:

Need help? Don't hesitate to reach out to us via GitHub issues or on Slack:

  https://community.getdbt.com/

Happy modeling!

[0m14:54:23.033119 [debug] [MainThread]: Command `dbt init` succeeded at 14:54:23.033119 after 323.23 seconds
[0m14:54:23.038547 [debug] [MainThread]: Connection 'debug' was left open.
[0m14:54:23.040570 [debug] [MainThread]: On debug: Close
[0m14:54:23.772774 [debug] [MainThread]: Sending event: {'category': 'dbt', 'action': 'invocation', 'label': 'end', 'context': [<snowplow_tracker.self_describing_json.SelfDescribingJson object at 0x000001F1D3F07BF0>, <snowplow_tracker.self_describing_json.SelfDescribingJson object at 0x000001F1D719EBA0>, <snowplow_tracker.self_describing_json.SelfDescribingJson object at 0x000001F1D75B2990>]}
[0m14:54:23.786626 [debug] [MainThread]: Flushing usage events
[0m14:54:25.172813 [debug] [MainThread]: An error was encountered while trying to flush usage events
[0m15:18:26.811152 [debug] [MainThread]: Sending event: {'category': 'dbt', 'action': 'invocation', 'label': 'start', 'context': [<snowplow_tracker.self_describing_json.SelfDescribingJson object at 0x000002AEDD34FBF0>, <snowplow_tracker.self_describing_json.SelfDescribingJson object at 0x000002AEDC318AD0>, <snowplow_tracker.self_describing_json.SelfDescribingJson object at 0x000002AEDA60F920>]}


============================== 15:18:26.816789 | 3cb4591e-de63-4847-8c46-f0132d578848 ==============================
[0m15:18:26.816789 [info ] [MainThread]: Running with dbt=1.12.4
[0m15:18:26.816789 [debug] [MainThread]: running dbt with arguments {'maximum_seed_size_mib': '1', 'no_print': 'None', 'static_parser': 'True', 'target_path': 'None', 'warn_error_options': 'WarnErrorOptionsV2(error=[], warn=[], silence=[])', 'version_check': 'True', 'printer_width': '80', 'write_json': 'True', 'empty': 'False', 'log_cache_events': 'False', 'introspect': 'True', 'cache_selected_only': 'False', 'log_format': 'default', 'debug': 'False', 'fail_fast': 'False', 'partial_parse': 'True', 'send_anonymous_usage_stats': 'True', 'quiet': 'False', 'warn_error': 'None', 'profiles_dir': 'C:\\Users\\HarshvardhanRajchauh\\.dbt', 'indirect_selection': 'eager', 'hints_enabled': 'True', 'use_colors': 'True', 'use_experimental_parser': 'False', 'invocation_command': 'dbt build', 'log_path': 'logs'}
[0m15:18:26.816789 [error] [MainThread]: [[31mERROR[0m]: Encountered an error:
Runtime Error
  No dbt_project.yml found at expected path C:\Users\HarshvardhanRajchauh\dbtCore\dbt_project.yml
  Verify that each entry within packages.yml (and their transitive dependencies) contains a file named dbt_project.yml
  
[0m15:18:26.816789 [debug] [MainThread]: Command `dbt build` failed at 15:18:26.816789 after 0.24 seconds
[0m15:18:26.816789 [debug] [MainThread]: Sending event: {'category': 'dbt', 'action': 'invocation', 'label': 'end', 'context': [<snowplow_tracker.self_describing_json.SelfDescribingJson object at 0x000002AEDD1309B0>, <snowplow_tracker.self_describing_json.SelfDescribingJson object at 0x000002AEDC1CB680>, <snowplow_tracker.self_describing_json.SelfDescribingJson object at 0x000002AEDE4F3E90>]}
[0m15:18:26.816789 [debug] [MainThread]: Flushing usage events
[0m15:18:28.365780 [debug] [MainThread]: An error was encountered while trying to flush usage events
[0m14:27:04.918005 [debug] [MainThread]: Sending event: {'category': 'dbt', 'action': 'invocation', 'label': 'start', 'context': [<snowplow_tracker.self_describing_json.SelfDescribingJson object at 0x0000020C4ADBE120>, <snowplow_tracker.self_describing_json.SelfDescribingJson object at 0x0000020C4894CB90>, <snowplow_tracker.self_describing_json.SelfDescribingJson object at 0x0000020C4D7839D0>]}


============================== 14:27:04.921745 | fbe6c4d0-2174-4ffc-afd9-a6a95c62c44d ==============================
[0m14:27:04.921745 [info ] [MainThread]: Running with dbt=1.12.5
[0m14:27:04.922260 [debug] [MainThread]: running dbt with arguments {'maximum_seed_size_mib': '1', 'no_print': 'None', 'static_parser': 'True', 'warn_error_options': 'WarnErrorOptionsV2(error=[], warn=[], silence=[])', 'version_check': 'True', 'target_path': 'None', 'printer_width': '80', 'write_json': 'True', 'introspect': 'True', 'log_cache_events': 'False', 'empty': 'False', 'cache_selected_only': 'False', 'log_format': 'default', 'debug': 'False', 'fail_fast': 'False', 'partial_parse': 'True', 'send_anonymous_usage_stats': 'True', 'quiet': 'False', 'warn_error': 'None', 'profiles_dir': 'C:\\Users\\HarshvardhanRajchauh\\.dbt', 'invocation_command': 'dbt build', 'hints_enabled': 'True', 'indirect_selection': 'eager', 'use_experimental_parser': 'False', 'use_colors': 'True', 'log_path': 'logs'}
[0m14:27:04.922613 [error] [MainThread]: [[31mERROR[0m]: Encountered an error:
Runtime Error
  No dbt_project.yml found at expected path C:\Users\HarshvardhanRajchauh\dbtCore\dbt_project.yml
  Verify that each entry within packages.yml (and their transitive dependencies) contains a file named dbt_project.yml
  
[0m14:27:04.923157 [debug] [MainThread]: Command `dbt build` failed at 14:27:04.923073 after 0.23 seconds
[0m14:27:04.923381 [debug] [MainThread]: Sending event: {'category': 'dbt', 'action': 'invocation', 'label': 'end', 'context': [<snowplow_tracker.self_describing_json.SelfDescribingJson object at 0x0000020C4D6E23F0>, <snowplow_tracker.self_describing_json.SelfDescribingJson object at 0x0000020C4D6FAF90>, <snowplow_tracker.self_describing_json.SelfDescribingJson object at 0x0000020C4D7F8490>]}
[0m14:27:04.923601 [debug] [MainThread]: Flushing usage events
[0m14:27:06.179065 [debug] [MainThread]: An error was encountered while trying to flush usage events
